[0.062s] Invoking command in '/home/Robosub/ros2_ws/build/test_package': /usr/bin/cmake --build /home/Robosub/ros2_ws/build/test_package -- -j20 -l20
[0.111s] -- Found ament_cmake: 1.3.10 (/opt/ros/humble/share/ament_cmake/cmake)
[0.362s] -- Found ament_lint_auto: 0.12.11 (/opt/ros/humble/share/ament_lint_auto/cmake)
[0.465s] Error parsing '/home/Robosub/ros2_ws/src/ros_testing/test_package/package.xml':
[0.465s] Traceback (most recent call last):
[0.465s]   File "/usr/lib/python3/dist-packages/catkin_pkg/package.py", line 610, in parse_package_string
[0.467s]     root = dom.parseString(data)
[0.467s]   File "/usr/lib/python3.10/xml/dom/minidom.py", line 2000, in parseString
[0.470s]     return expatbuilder.parseString(string)
[0.470s]   File "/usr/lib/python3.10/xml/dom/expatbuilder.py", line 925, in parseString
[0.471s]     return builder.parseString(string)
[0.472s]   File "/usr/lib/python3.10/xml/dom/expatbuilder.py", line 223, in parseString
[0.472s]     parser.Parse(string, True)
[0.472s] xml.parsers.expat.ExpatError: junk after document element: line 19, column 0
[0.473s] 
[0.473s] During handling of the above exception, another exception occurred:
[0.473s] 
[0.473s] Traceback (most recent call last):
[0.473s]   File "/opt/ros/humble/share/ament_cmake_core/cmake/core/package_xml_2_cmake.py", line 150, in <module>
[0.473s]     main()
[0.473s]   File "/opt/ros/humble/share/ament_cmake_core/cmake/core/package_xml_2_cmake.py", line 53, in main
[0.473s]     raise e
[0.473s]   File "/opt/ros/humble/share/ament_cmake_core/cmake/core/package_xml_2_cmake.py", line 49, in main
[0.473s]     package = parse_package_string(
[0.474s]   File "/usr/lib/python3/dist-packages/catkin_pkg/package.py", line 612, in parse_package_string
[0.474s]     raise InvalidPackage('The manifest contains invalid XML:\n%s' % ex, filename)
[0.474s] catkin_pkg.package.InvalidPackage: Error(s) in package '/home/Robosub/ros2_ws/src/ros_testing/test_package/package.xml':
[0.474s] The manifest contains invalid XML:
[0.474s] junk after document element: line 19, column 0
[0.486s] [31mCMake Error at /opt/ros/humble/share/ament_cmake_core/cmake/core/ament_package_xml.cmake:95 (message):
[0.487s]   execute_process(/usr/bin/python3
[0.487s]   /opt/ros/humble/share/ament_cmake_core/cmake/core/package_xml_2_cmake.py
[0.487s]   /home/Robosub/ros2_ws/src/ros_testing/test_package/package.xml
[0.487s]   /home/Robosub/ros2_ws/build/test_package/ament_cmake_core/package.cmake)
[0.488s]   returned error code 1
[0.488s] Call Stack (most recent call first):
[0.488s]   /opt/ros/humble/share/ament_cmake_core/cmake/core/ament_package_xml.cmake:49 (_ament_package_xml)
[0.488s]   /opt/ros/humble/share/ament_lint_auto/cmake/ament_lint_auto_find_test_dependencies.cmake:31 (ament_package_xml)
[0.488s]   CMakeLists.txt:28 (ament_lint_auto_find_test_dependencies)
[0.489s] 
[0.489s] [0m
[0.489s] -- Configuring incomplete, errors occurred!
[0.489s] See also "/home/Robosub/ros2_ws/build/test_package/CMakeFiles/CMakeOutput.log".
[0.490s] gmake: *** [Makefile:226: cmake_check_build_system] Error 1
[0.495s] Invoked command in '/home/Robosub/ros2_ws/build/test_package' returned '2': /usr/bin/cmake --build /home/Robosub/ros2_ws/build/test_package -- -j20 -l20
